// Jest Snapshot v1, https://goo.gl/fbAQLP

exports[`Component - Metar renders 1`] = `
<div
  className="metar"
>
  <div
    className="spinner"
  >
    <div
      className="vector"
    >
      <div
        className="vectorArrow"
        style={
          Object {
            "WebkitTransform": "rotate(0deg)",
            "display": "inline-block",
            "msTransform": "rotate(0deg)",
            "transform": "rotate(0deg)",
          }
        }
      >
        ^
      </div>
      <div
        className="vectorDistance"
      >
        0
      </div>
    </div>
    <div
      className="metarText"
    />
  </div>
</div>
`;
